
as12, an absolute assembler for Motorola MCU's, version 1.2h

                        ; First.asm
                        ;
                        ; Author:       	Adam Di Cioccio
                        ; Student Number:       041019241
                        ; Date:                 October 12, 2021
                        
                         ; Purpose:             Program that adds up the following values: $25 + $37 - $01
                         ;
1000                            org     $1000   ;Origin for Program Data
1000 25                 p:      db      $25     ;First addend is at memory location p
1001 37                 q:      db      $37     ;Second addend is at memory location q
1002                    r:      ds      1       ;Sum will be stored at memory location r
                        
2000                            org     $2000   ;Origin for program instructions
2000 b6 10 00                   ldaa    p       ;Load value at p into accumulator a
2003 bb 10 01                   adda    q       ;Add value at q into accumulator a
2006 43                         deca            ;Subtract 1: A = A - 1
2007 7a 10 02                   staa    r       ;Store accumulator A at location r
200a 3f                         swi             ;Stop program
                                end

Executed: Tue Oct 12 17:13:12 2021
Total cycles: 27, Total bytes: 13
Total errors: 0, Total warnings: 0
